// Jest Snapshot v1, https://goo.gl/fbAQLP

exports[`Contacts Should render Contact 1`] = `undefined`;
